<button class="px-4 py-2 self-start text-sm whitespace-nowrap font-medium text-white bg-[#c70f19] border-bottom-[#980b13] hover:bg-[#df111c] hover:border-bottom-[#800a10] rounded-md shadow uppercase"
        data-load-content="login/logout.php">
        {tmpl_var name="logout_txt"} {tmpl_var name="cpuser"}
</button>
