<input type="text"
    value="{tmpl_var name="value"}"
    class="w-full border rounded px-2 py-1"
    onkeyup="pass_check(this.value);checkPassMatch('password','repeat_password');" />
