<div>
    <h1 class="text-2xl">My cool render</h1>
    <p>Welcome to my {tmpl_var name="adjective"} site.</p>
</div>
