<button class="rounded bg-red-500 text-white py-2 px-4 hover:bg-red-600 uppercase shadow border-bottom-[#980b13] hover:border-bottom-[#800a10] whitespace-nowrap text-sm font-medium self-start "
        id="logout-button"
        data-load-content="login/logout.php"
        >
        {tmpl_var name="logout_txt"} {tmpl_var name="cpuser"}
</button>
