<div>
    <div class="flex flex-col gap-4"
        data-foo="bar"
        data-bar="baz"
        wire:ignore
        @click="console.log('clicked')">
        <h1 class="text-2xl">{tmpl_var name="SLOT_VARIABLE"}</h1>
    </div>
    {tmpl_if name="show"}
        <p>It's show time!</p>
    {/tmpl_if}
</div>
